Mon Sep 21 18:28:34 UTC 2026 start
Using CPython 3.12.14 interpreter at: /usr/local/bin/python3.12
Creating virtual environment at: .venv_gpu
Activate with: source .venv_gpu/bin/activate
Using Python 3.12.14 environment at: .venv_gpu
Resolved 75 packages in 4.11s
Downloading sympy (6.0MiB)
Downloading torch (859.1MiB)
Downloading nvidia-cusparse-cu12 (274.9MiB)
Downloading bitsandbytes (41.1MiB)
Downloading nvidia-cuda-nvrtc-cu12 (84.0MiB)
Downloading nvidia-cusparselt-cu12 (273.9MiB)
Downloading nvidia-curand-cu12 (60.7MiB)
Downloading nvidia-cuda-cupti-cu12 (9.8MiB)
Downloading nvidia-cufile-cu12 (1.1MiB)
Downloading nvidia-nvshmem-cu12 (118.9MiB)
Downloading nvidia-nvjitlink-cu12 (37.4MiB)
Downloading nvidia-cusolver-cu12 (255.1MiB)
Downloading nvidia-nccl-cu12 (307.4MiB)
Downloading nvidia-cublas-cu12 (566.8MiB)
Downloading nvidia-cudnn-cu12 (674.0MiB)
Downloading nvidia-cufft-cu12 (184.2MiB)
 Downloaded nvidia-cufile-cu12
 Downloaded bitsandbytes
 Downloaded nvidia-cuda-cupti-cu12
 Downloaded nvidia-cuda-nvrtc-cu12
 Downloaded nvidia-nvjitlink-cu12
 Downloaded nvidia-curand-cu12
 Downloaded nvidia-nvshmem-cu12
 Downloaded nvidia-cusparselt-cu12
 Downloaded sympy
 Downloaded nvidia-nccl-cu12
 Downloaded nvidia-cufft-cu12
 Downloaded nvidia-cusparse-cu12
 Downloaded nvidia-cusolver-cu12
 Downloaded nvidia-cublas-cu12
 Downloaded nvidia-cudnn-cu12
 Downloaded torch
Prepared 22 packages in 4m 28s
Installed 75 packages in 5m 22s
 + accelerate==1.15.0
 + aiohappyeyeballs==2.7.1
 + aiohttp==3.12.15
 + aiosignal==1.4.0
 + annotated-doc==0.0.5
 + anyio==4.15.1
 + attrs==26.1.0
 + bitsandbytes==0.50.2
 + certifi==2026.7.22
 + charset-normalizer==3.5.1
 + click==8.5.0
 + cloudpickle==3.1.2
 + filelock==4.0.1
 + frozenlist==1.8.0
 + fsspec==2026.9.0
 + h11==0.16.0
 + hf-xet==1.6.0
 + httpcore==1.0.9
 + httpx==0.28.1
 + huggingface-hub==1.32.0
 + idna==3.20
 + jinja2==3.1.6
 + joblib==1.6.0
 + loguru==0.7.3
 + markdown-it-py==4.2.0
 + markupsafe==3.0.3
 + mdurl==0.1.2
 + mpmath==1.3.0
 + multidict==6.9.0
 + narwhals==2.26.0
 + networkx==3.6.1
 + numpy==2.5.3
 + nvidia-cublas-cu12==12.8.4.1
 + nvidia-cuda-cupti-cu12==12.8.90
 + nvidia-cuda-nvrtc-cu12==12.8.93
 + nvidia-cuda-runtime-cu12==12.8.90
 + nvidia-cudnn-cu12==9.10.2.21
 + nvidia-cufft-cu12==11.3.3.83
 + nvidia-cufile-cu12==1.13.1.3
 + nvidia-curand-cu12==10.3.9.90
 + nvidia-cusolver-cu12==11.7.3.90
 + nvidia-cusparse-cu12==12.5.8.93
 + nvidia-cusparselt-cu12==0.7.1
 + nvidia-nccl-cu12==2.27.5
 + nvidia-nvjitlink-cu12==12.8.93
 + nvidia-nvshmem-cu12==3.3.20
 + nvidia-nvtx-cu12==12.8.90
 + packaging==26.3
 + pandas==3.0.6
 + peft==0.21.0
 + propcache==0.5.4
 + psutil==7.2.2
 + pygments==2.21.0
 + python-dateutil==2.9.0.post0
 + pyyaml==6.0.3
 + regex==2026.9.10
 + requests==2.34.2
 + rich==15.0.0
 + safetensors==0.8.0
 + scikit-learn==1.9.1
 + scipy==1.18.1
 + setuptools==84.0.0
 + shellingham==1.5.4
 + six==1.17.0
 + sympy==1.14.0
 + threadpoolctl==3.7.0
 + tokenizers==0.23.2
 + torch==2.9.1+cu128
 + tqdm==4.70.1
 + transformers==5.17.0
 + triton==3.5.1
 + typer==0.27.2
 + typing-extensions==4.16.0
 + urllib3==2.8.0
 + yarl==1.25.1
Mon Sep 21 18:38:31 UTC 2026 exit 0
2.9.1+cu128 True NVIDIA L4
Mon Sep 21 18:39:19 UTC 2026 done
